// Jest Snapshot v1, https://goo.gl/fbAQLP

exports[`InputNumeric Component renders correctly 1`] = `
<View
  accessibilityState={
    {
      "busy": undefined,
      "checked": undefined,
      "disabled": undefined,
      "expanded": undefined,
      "selected": undefined,
    }
  }
  accessibilityValue={
    {
      "max": undefined,
      "min": undefined,
      "now": undefined,
      "text": undefined,
    }
  }
  accessible={true}
  collapsable={false}
  focusable={false}
  onClick={[Function]}
  onResponderGrant={[Function]}
  onResponderMove={[Function]}
  onResponderRelease={[Function]}
  onResponderTerminate={[Function]}
  onResponderTerminationRequest={[Function]}
  onStartShouldSetResponder={[Function]}
  style={
    {
      "opacity": 1,
    }
  }
  testID="@input-numeric/container"
>
  <Text
    appearance="default"
    category="p1"
    status="basic"
    style={
      [
        {
          "color": "#222B45",
          "fontFamily": "System",
          "fontSize": 15,
          "fontWeight": "400",
        },
        [
          {
            "color": "#8F9BB3",
            "fontFamily": "System",
            "fontSize": 12,
            "fontWeight": "800",
            "marginBottom": 4,
          },
          {
            "textAlign": "left",
          },
        ],
      ]
    }
  >
    Amount
  </Text>
  <View
    style={
      [
        {
          "backgroundColor": "#F7F9FC",
          "borderColor": "#E4E9F2",
          "borderRadius": 4,
          "borderWidth": 1,
          "minHeight": 40,
          "paddingHorizontal": 8,
          "paddingVertical": 7,
        },
        {
          "alignItems": "center",
          "flexDirection": "row",
          "width": "100%",
        },
      ]
    }
  >
    <TextInput
      appearance="default"
      editable={true}
      keyboardType="numeric"
      onBlur={[Function]}
      onChangeText={[Function]}
      onFocus={[Function]}
      onMouseEnter={[Function]}
      onMouseLeave={[Function]}
      placeholder="0"
      placeholderTextColor="#8F9BB3"
      size="medium"
      status="basic"
      style={
        [
          {
            "color": "#222B45",
            "fontFamily": "System",
            "fontSize": 15,
            "fontWeight": "normal",
            "marginHorizontal": 8,
          },
          {
            "flexBasis": "auto",
            "flexGrow": 1,
            "flexShrink": 1,
          },
          null,
          undefined,
        ]
      }
      testID="@input-numeric/input"
      value=""
    />
  </View>
</View>
`;
