// Jest Snapshot v1, https://goo.gl/fbAQLP

exports[`AddGuardian renders correctly 1`] = `
<View
  appearance="default"
  level="1"
  style={
    [
      {
        "backgroundColor": "#FFFFFF",
      },
      {
        "flex": 1,
      },
    ]
  }
>
  <View
    appearance="default"
    level="1"
    style={
      [
        {
          "backgroundColor": "#FFFFFF",
        },
        {
          "flex": 1,
        },
      ]
    }
  >
    <RNCSafeAreaView
      edges={
        {
          "bottom": "additive",
          "left": "additive",
          "right": "additive",
          "top": "additive",
        }
      }
      style={
        [
          {
            "flex": 1,
            "marginHorizontal": 37.5,
            "marginVertical": 66.7,
          },
          {
            "flex": 1,
            "marginVertical": 266.8,
          },
        ]
      }
    >
      <View
        style={
          {
            "alignItems": "center",
            "justifyContent": "center",
            "marginVertical": 26.68,
          }
        }
      >
        <Text
          appearance="default"
          category="h4"
          status="basic"
          style={
            [
              {
                "color": "#222B45",
                "fontFamily": "System",
                "fontSize": 26,
                "fontWeight": "800",
              },
              {
                "textAlign": "justify",
              },
            ]
          }
        >
          Add a guardian
        </Text>
        <Text
          appearance="default"
          category="p1"
          status="basic"
          style={
            [
              {
                "color": "#222B45",
                "fontFamily": "System",
                "fontSize": 15,
                "fontWeight": "400",
              },
              [
                {
                  "textAlign": "justify",
                },
                {
                  "marginVertical": 26.68,
                  "textAlign": "center",
                },
              ],
            ]
          }
        >
          Guardians are able to recover your wallet if you lose your phone. You can add more guardians later.
        </Text>
      </View>
      <View
        accessibilityState={
          {
            "busy": undefined,
            "checked": undefined,
            "disabled": undefined,
            "expanded": undefined,
            "selected": undefined,
          }
        }
        accessibilityValue={
          {
            "max": undefined,
            "min": undefined,
            "now": undefined,
            "text": undefined,
          }
        }
        accessible={true}
        collapsable={false}
        focusable={false}
        onClick={[Function]}
        onResponderGrant={[Function]}
        onResponderMove={[Function]}
        onResponderRelease={[Function]}
        onResponderTerminate={[Function]}
        onResponderTerminationRequest={[Function]}
        onStartShouldSetResponder={[Function]}
        style={
          {
            "opacity": 1,
          }
        }
        testID="@undefined/container"
      >
        <View
          style={
            [
              {
                "backgroundColor": "#F7F9FC",
                "borderColor": "#00E096",
                "borderRadius": 4,
                "borderWidth": 1,
                "minHeight": 40,
                "paddingHorizontal": 8,
                "paddingVertical": 7,
              },
              {
                "alignItems": "center",
                "flexDirection": "row",
                "width": "100%",
              },
            ]
          }
        >
          <TextInput
            appearance="default"
            editable={true}
            onBlur={[Function]}
            onChangeText={[Function]}
            onFocus={[Function]}
            onMouseEnter={[Function]}
            onMouseLeave={[Function]}
            placeholder="Address"
            placeholderTextColor="#8F9BB3"
            size="medium"
            status="success"
            style={
              [
                {
                  "color": "#222B45",
                  "fontFamily": "System",
                  "fontSize": 15,
                  "fontWeight": "normal",
                  "marginHorizontal": 8,
                },
                {
                  "flexBasis": "auto",
                  "flexGrow": 1,
                  "flexShrink": 1,
                },
                null,
                undefined,
              ]
            }
            testID="@undefined/input"
            value=""
          />
          <Image
            accessibilityState={
              {
                "busy": undefined,
                "checked": undefined,
                "disabled": undefined,
                "expanded": undefined,
                "selected": undefined,
              }
            }
            accessible={true}
            focusable={true}
            onClick={[Function]}
            onResponderGrant={[Function]}
            onResponderMove={[Function]}
            onResponderRelease={[Function]}
            onResponderTerminate={[Function]}
            onResponderTerminationRequest={[Function]}
            onStartShouldSetResponder={[Function]}
            source={1}
            style={
              {
                "height": 24,
                "marginHorizontal": 8,
                "tintColor": "#00E096",
                "width": 24,
              }
            }
            testID="qr-code-icon"
          />
        </View>
      </View>
      <View>
        <View
          accessibilityState={
            {
              "busy": undefined,
              "checked": undefined,
              "disabled": undefined,
              "expanded": undefined,
              "selected": undefined,
            }
          }
          accessibilityValue={
            {
              "max": undefined,
              "min": undefined,
              "now": undefined,
              "text": undefined,
            }
          }
          accessible={true}
          collapsable={false}
          focusable={true}
          onClick={[Function]}
          onResponderGrant={[Function]}
          onResponderMove={[Function]}
          onResponderRelease={[Function]}
          onResponderTerminate={[Function]}
          onResponderTerminationRequest={[Function]}
          onStartShouldSetResponder={[Function]}
          style={
            {
              "alignItems": "center",
              "backgroundColor": "rgba(51, 102, 255, 0.08)",
              "borderColor": "#3366FF",
              "borderRadius": 4,
              "borderWidth": 1,
              "flexDirection": "row",
              "justifyContent": "center",
              "marginVertical": 26.68,
              "minHeight": 40,
              "minWidth": 40,
              "opacity": 1,
              "paddingHorizontal": 10,
              "paddingVertical": 12,
            }
          }
        >
          <Text
            appearance="default"
            category="p1"
            status="basic"
            style={
              [
                {
                  "color": "#222B45",
                  "fontFamily": "System",
                  "fontSize": 15,
                  "fontWeight": "400",
                },
                {
                  "color": "#3366FF",
                  "fontFamily": "System",
                  "fontSize": 14,
                  "fontWeight": "bold",
                  "marginHorizontal": 10,
                },
              ]
            }
          >
            Create wallet
          </Text>
        </View>
        <View
          accessibilityState={
            {
              "busy": undefined,
              "checked": undefined,
              "disabled": undefined,
              "expanded": undefined,
              "selected": undefined,
            }
          }
          accessibilityValue={
            {
              "max": undefined,
              "min": undefined,
              "now": undefined,
              "text": undefined,
            }
          }
          accessible={true}
          collapsable={false}
          focusable={true}
          onClick={[Function]}
          onResponderGrant={[Function]}
          onResponderMove={[Function]}
          onResponderRelease={[Function]}
          onResponderTerminate={[Function]}
          onResponderTerminationRequest={[Function]}
          onStartShouldSetResponder={[Function]}
          style={
            {
              "alignItems": "center",
              "alignSelf": "flex-end",
              "backgroundColor": "transparent",
              "borderColor": "transparent",
              "borderRadius": 4,
              "borderWidth": 1,
              "flexDirection": "row",
              "justifyContent": "center",
              "minHeight": 40,
              "minWidth": 40,
              "opacity": 1,
              "paddingHorizontal": 10,
              "paddingVertical": 12,
              "width": 187.5,
            }
          }
        >
          <Text
            appearance="default"
            category="p1"
            status="basic"
            style={
              [
                {
                  "color": "#222B45",
                  "fontFamily": "System",
                  "fontSize": 15,
                  "fontWeight": "400",
                },
                {
                  "color": "#3366FF",
                  "fontFamily": "System",
                  "fontSize": 14,
                  "fontWeight": "bold",
                  "marginHorizontal": 10,
                },
              ]
            }
          >
            Skip
          </Text>
        </View>
      </View>
    </RNCSafeAreaView>
  </View>
</View>
`;

exports[`AddGuardian renders correctly when loading 1`] = `
<View
  appearance="default"
  level="1"
  style={
    [
      {
        "backgroundColor": "#FFFFFF",
      },
      {
        "alignItems": "center",
        "flex": 1,
        "justifyContent": "center",
      },
    ]
  }
>
  <ViewManagerAdapter_ExpoImage
    contentFit="cover"
    contentPosition={
      {
        "left": "50%",
        "top": "50%",
      }
    }
    height={375}
    maxHeight={250}
    maxWidth={250}
    onError={[Function]}
    onLoad={[Function]}
    onLoadStart={[Function]}
    onProgress={[Function]}
    placeholder={[]}
    source={[]}
    style={
      {
        "height": 375,
        "maxHeight": 250,
        "maxWidth": 250,
        "width": 375,
      }
    }
    transition={null}
    width={375}
  />
  <Text
    appearance="default"
    category="h6"
    status="basic"
    style={
      [
        {
          "color": "#222B45",
          "fontFamily": "System",
          "fontSize": 18,
          "fontWeight": "800",
        },
        undefined,
      ]
    }
  >
    Deploying smart contract wallet...
  </Text>
</View>
`;

exports[`AddGuardian renders correctly when scanning 1`] = `
<Modal
  hardwareAccelerated={false}
  statusBarTranslucent={false}
  transparent={true}
  visible={true}
>
  <View
    style={
      {
        "bottom": 0,
        "left": 0,
        "position": "absolute",
        "right": 0,
        "top": 0,
      }
    }
  >
    <View
      accessibilityState={
        {
          "busy": undefined,
          "checked": undefined,
          "disabled": undefined,
          "expanded": undefined,
          "selected": undefined,
        }
      }
      accessibilityValue={
        {
          "max": undefined,
          "min": undefined,
          "now": undefined,
          "text": undefined,
        }
      }
      accessible={true}
      collapsable={false}
      focusable={false}
      onClick={[Function]}
      onResponderGrant={[Function]}
      onResponderMove={[Function]}
      onResponderRelease={[Function]}
      onResponderTerminate={[Function]}
      onResponderTerminationRequest={[Function]}
      onStartShouldSetResponder={[Function]}
      style={
        {
          "backgroundColor": "color-basic-transparent-600",
          "bottom": 0,
          "left": 0,
          "opacity": 1,
          "position": "absolute",
          "right": 0,
          "top": 0,
        }
      }
      testID="@backdrop"
    />
    <View
      backdropStyle={
        {
          "backgroundColor": "color-basic-transparent-600",
        }
      }
      onLayout={[Function]}
      shouldUseContainer={true}
      style={
        [
          undefined,
          {
            "position": "absolute",
          },
          {
            "left": -999,
            "top": -999,
          },
        ]
      }
      visible={true}
    >
      <div
        data-testid="QRCodeScanner"
      >
        QRCodeScanner
      </div>
    </View>
  </View>
</Modal>
`;
